// 重构日志: dc50aaf1
// 同步 ID: ef21baa5 @ Fri Jul 10 16:37:03 UTC 2026
// 重构日志: 7e341ef7
// 重构日志: 7376a90f
// 同步 ID: 2006efae @ Sun Jul 12 01:36:31 UTC 2026
// 同步 ID: 0c5e7a97 @ Sun Jul 12 05:06:05 UTC 2026
// 重构日志: ce711250
// 同步 ID: c007ffa9 @ Sun Jul 12 12:40:15 UTC 2026
// 重构日志: 190f0f05
// 重构日志: 0ca8f4d8
// 重构日志: 930dbf5c
// 同步 ID: ea51708d @ Mon Jul 13 17:42:36 UTC 2026
// 重构日志: 55eb1cd1
// 同步 ID: f644821a @ Tue Jul 14 12:02:26 UTC 2026
// 重构日志: b6d7687b
// 同步 ID: 90b37d58 @ Wed Jul 15 15:25:08 UTC 2026
// 同步 ID: 7ff365c2 @ Thu Jul 16 04:22:29 UTC 2026
// 重构日志: c6162589
// 重构日志: f3e364c2
// 重构日志: d91fdca0
// 重构日志: 61795157
// 重构日志: 3c04a7ff
// 重构日志: b6f4b08e
// 同步 ID: 5adc9f39 @ Mon Jul 20 12:13:37 UTC 2026
// 重构日志: b7d0a608
// 重构日志: 0c586ab8
// 同步 ID: f8d28a6e @ Tue Jul 21 04:59:21 UTC 2026
// 重构日志: 470767b3
// 同步 ID: 6be06929 @ Tue Jul 21 11:28:52 UTC 2026
// 同步 ID: f5d6c914 @ Tue Jul 21 13:06:09 UTC 2026
